// Jest Snapshot v1, https://goo.gl/fbAQLP

exports[`Pruebas en <PrimeraApp/> Debe de motrar <PrimeraApp/> correctamente 1`] = `
<Fragment>
  <h1>
     
    Hola soy Samuel
    !!! 
  </h1>
  <p>
    Soy un subtitulo
  </p>
</Fragment>
`;
